Copyright 1986-2020 Xilinx, Inc. All Rights Reserved.
--------------------------------------------------------------------------------------------------------------------------------------------------------------------------------------------
| Tool Version : Vivado v.2020.1 (win64) Build 2902540 Wed May 27 19:54:49 MDT 2020
| Date         : Sat Aug 22 11:58:07 2026
| Host         : DESKTOP-95DIU93 running 64-bit major release  (build 9200)
| Command      : report_timing_summary -max_paths 10 -file project_timing_summary_routed.rpt -pb project_timing_summary_routed.pb -rpx project_timing_summary_routed.rpx -warn_on_violation
| Design       : project
| Device       : 7z020-clg484
| Speed File   : -1  PRODUCTION 1.12 2019-11-22
--------------------------------------------------------------------------------------------------------------------------------------------------------------------------------------------

Timing Summary Report

------------------------------------------------------------------------------------------------
| Timer Settings
| --------------
------------------------------------------------------------------------------------------------

  Enable Multi Corner Analysis               :  Yes
  Enable Pessimism Removal                   :  Yes
  Pessimism Removal Resolution               :  Nearest Common Node
  Enable Input Delay Default Clock           :  No
  Enable Preset / Clear Arcs                 :  No
  Disable Flight Delays                      :  No
  Ignore I/O Paths                           :  No
  Timing Early Launch at Borrowing Latches   :  No
  Borrow Time for Max Delay Exceptions       :  Yes
  Merge Timing Exceptions                    :  Yes

  Corner  Analyze    Analyze    
  Name    Max Paths  Min Paths  
  ------  ---------  ---------  
  Slow    Yes        Yes        
  Fast    Yes        Yes        



check_timing report

Table of Contents
-----------------
1. checking no_clock (0)
2. checking constant_clock (0)
3. checking pulse_width_clock (0)
4. checking unconstrained_internal_endpoints (0)
5. checking no_input_delay (10)
6. checking no_output_delay (4)
7. checking multiple_clock (0)
8. checking generated_clocks (0)
9. checking loops (0)
10. checking partial_input_delay (0)
11. checking partial_output_delay (0)
12. checking latch_loops (0)

1. checking no_clock (0)
------------------------
 There are 0 register/latch pins with no clock.


2. checking constant_clock (0)
------------------------------
 There are 0 register/latch pins with constant_clock.


3. checking pulse_width_clock (0)
---------------------------------
 There are 0 register/latch pins which need pulse_width check


4. checking unconstrained_internal_endpoints (0)
------------------------------------------------
 There are 0 pins that are not constrained for maximum delay.

 There are 0 pins that are not constrained for maximum delay due to constant clock.


5. checking no_input_delay (10)
-------------------------------
 There are 10 input ports with no input delay specified. (HIGH)

 There are 0 input ports with no input delay but user has a false path constraint.


6. checking no_output_delay (4)
-------------------------------
 There are 4 ports with no output delay specified. (HIGH)

 There are 0 ports with no output delay but user has a false path constraint

 There are 0 ports with no output delay but with a timing clock defined on it or propagating through it


7. checking multiple_clock (0)
------------------------------
 There are 0 register/latch pins with multiple clocks.


8. checking generated_clocks (0)
--------------------------------
 There are 0 generated clocks that are not connected to a clock source.


9. checking loops (0)
---------------------
 There are 0 combinational loops in the design.


10. checking partial_input_delay (0)
------------------------------------
 There are 0 input ports with partial input delay specified.


11. checking partial_output_delay (0)
-------------------------------------
 There are 0 ports with partial output delay specified.


12. checking latch_loops (0)
----------------------------
 There are 0 combinational latch loops in the design through latch input



------------------------------------------------------------------------------------------------
| Design Timing Summary
| ---------------------
------------------------------------------------------------------------------------------------

    WNS(ns)      TNS(ns)  TNS Failing Endpoints  TNS Total Endpoints      WHS(ns)      THS(ns)  THS Failing Endpoints  THS Total Endpoints     WPWS(ns)     TPWS(ns)  TPWS Failing Endpoints  TPWS Total Endpoints  
    -------      -------  ---------------------  -------------------      -------      -------  ---------------------  -------------------     --------     --------  ----------------------  --------------------  
      5.843        0.000                      0                  172        0.034        0.000                      0                  172        3.750        0.000                       0                    77  


All user specified timing constraints are met.


------------------------------------------------------------------------------------------------
| Clock Summary
| -------------
------------------------------------------------------------------------------------------------

Clock    Waveform(ns)       Period(ns)      Frequency(MHz)
-----    ------------       ----------      --------------
sys_clk  {0.000 5.000}      10.000          100.000         


------------------------------------------------------------------------------------------------
| Intra Clock Table
| -----------------
------------------------------------------------------------------------------------------------

Clock             WNS(ns)      TNS(ns)  TNS Failing Endpoints  TNS Total Endpoints      WHS(ns)      THS(ns)  THS Failing Endpoints  THS Total Endpoints     WPWS(ns)     TPWS(ns)  TPWS Failing Endpoints  TPWS Total Endpoints  
-----             -------      -------  ---------------------  -------------------      -------      -------  ---------------------  -------------------     --------     --------  ----------------------  --------------------  
sys_clk             5.843        0.000                      0                  172        0.034        0.000                      0                  172        3.750        0.000                       0                    77  


------------------------------------------------------------------------------------------------
| Inter Clock Table
| -----------------
------------------------------------------------------------------------------------------------

From Clock    To Clock          WNS(ns)      TNS(ns)  TNS Failing Endpoints  TNS Total Endpoints      WHS(ns)      THS(ns)  THS Failing Endpoints  THS Total Endpoints  
----------    --------          -------      -------  ---------------------  -------------------      -------      -------  ---------------------  -------------------  


------------------------------------------------------------------------------------------------
| Other Path Groups Table
| -----------------------
------------------------------------------------------------------------------------------------

Path Group    From Clock    To Clock          WNS(ns)      TNS(ns)  TNS Failing Endpoints  TNS Total Endpoints      WHS(ns)      THS(ns)  THS Failing Endpoints  THS Total Endpoints  
----------    ----------    --------          -------      -------  ---------------------  -------------------      -------      -------  ---------------------  -------------------  


------------------------------------------------------------------------------------------------
| Timing Details
| --------------
------------------------------------------------------------------------------------------------


---------------------------------------------------------------------------------------------------
From Clock:  sys_clk
  To Clock:  sys_clk

Setup :            0  Failing Endpoints,  Worst Slack        5.843ns,  Total Violation        0.000ns
Hold  :            0  Failing Endpoints,  Worst Slack        0.034ns,  Total Violation        0.000ns
PW    :            0  Failing Endpoints,  Worst Slack        3.750ns,  Total Violation        0.000ns
---------------------------------------------------------------------------------------------------


Max Delay Paths
--------------------------------------------------------------------------------------
Slack (MET) :             5.843ns  (required time - arrival time)
  Source:                 instt/baud_count_reg[7]/C
                            (rising edge-triggered cell FDRE clocked by sys_clk  {rise@0.000ns fall@5.000ns period=10.000ns})
  Destination:            instt/baud_count_reg[0]/R
                            (rising edge-triggered cell FDRE clocked by sys_clk  {rise@0.000ns fall@5.000ns period=10.000ns})
  Path Group:             sys_clk
  Path Type:              Setup (Max at Slow Process Corner)
  Requirement:            10.000ns  (sys_clk rise@10.000ns - sys_clk rise@0.000ns)
  Data Path Delay:        3.573ns  (logic 0.890ns (24.912%)  route 2.683ns (75.088%))
  Logic Levels:           3  (LUT3=1 LUT4=1 LUT6=1)
  Clock Path Skew:        -0.025ns (DCD - SCD + CPR)
    Destination Clock Delay (DCD):    5.180ns = ( 15.180 - 10.000 ) 
    Source Clock Delay      (SCD):    5.640ns
    Clock Pessimism Removal (CPR):    0.435ns
  Clock Uncertainty:      0.035ns  ((TSJ^2 + TIJ^2)^1/2 + DJ) / 2 + PE
    Total System Jitter     (TSJ):    0.071ns
    Total Input Jitter      (TIJ):    0.000ns
    Discrete Jitter          (DJ):    0.000ns
    Phase Error              (PE):    0.000ns

    Location             Delay type                Incr(ns)  Path(ns)    Netlist Resource(s)
  -------------------------------------------------------------------    -------------------
                         (clock sys_clk rise edge)    0.000     0.000 r  
    Y9                                                0.000     0.000 r  clk (IN)
                         net (fo=0)                   0.000     0.000    clk
    Y9                   IBUF (Prop_ibuf_I_O)         1.490     1.490 r  clk_IBUF_inst/O
                         net (fo=1, routed)           2.171     3.661    clk_IBUF
    BUFGCTRL_X0Y0        BUFG (Prop_bufg_I_O)         0.101     3.762 r  clk_IBUF_BUFG_inst/O
                         net (fo=76, routed)          1.878     5.640    instt/clk_IBUF_BUFG
    SLICE_X108Y44        FDRE                                         r  instt/baud_count_reg[7]/C
  -------------------------------------------------------------------    -------------------
    SLICE_X108Y44        FDRE (Prop_fdre_C_Q)         0.518     6.158 f  instt/baud_count_reg[7]/Q
                         net (fo=2, routed)           0.809     6.968    instt/baud_count_reg[7]
    SLICE_X109Y45        LUT4 (Prop_lut4_I1_O)        0.124     7.092 f  instt/FSM_sequential_st[1]_i_3/O
                         net (fo=1, routed)           0.633     7.725    instt/FSM_sequential_st[1]_i_3_n_0
    SLICE_X109Y44        LUT6 (Prop_lut6_I0_O)        0.124     7.849 f  instt/FSM_sequential_st[1]_i_2/O
                         net (fo=7, routed)           0.442     8.291    instt/FSM_sequential_st[1]_i_2_n_0
    SLICE_X111Y45        LUT3 (Prop_lut3_I2_O)        0.124     8.415 r  instt/baud_count[0]_i_1/O
                         net (fo=13, routed)          0.798     9.213    instt/baud_count[0]_i_1_n_0
    SLICE_X108Y43        FDRE                                         r  instt/baud_count_reg[0]/R
  -------------------------------------------------------------------    -------------------

                         (clock sys_clk rise edge)   10.000    10.000 r  
    Y9                                                0.000    10.000 r  clk (IN)
                         net (fo=0)                   0.000    10.000    clk
    Y9                   IBUF (Prop_ibuf_I_O)         1.420    11.420 r  clk_IBUF_inst/O
                         net (fo=1, routed)           1.972    13.392    clk_IBUF
    BUFGCTRL_X0Y0        BUFG (Prop_bufg_I_O)         0.091    13.483 r  clk_IBUF_BUFG_inst/O
                         net (fo=76, routed)          1.697    15.180    instt/clk_IBUF_BUFG
    SLICE_X108Y43        FDRE                                         r  instt/baud_count_reg[0]/C
                         clock pessimism              0.435    15.615    
                         clock uncertainty           -0.035    15.580    
    SLICE_X108Y43        FDRE (Setup_fdre_C_R)       -0.524    15.056    instt/baud_count_reg[0]
  -------------------------------------------------------------------
                         required time                         15.056    
                         arrival time                          -9.213    
  -------------------------------------------------------------------
                         slack                                  5.843    

Slack (MET) :             5.843ns  (required time - arrival time)
  Source:                 instt/baud_count_reg[7]/C
                            (rising edge-triggered cell FDRE clocked by sys_clk  {rise@0.000ns fall@5.000ns period=10.000ns})
  Destination:            instt/baud_count_reg[1]/R
                            (rising edge-triggered cell FDRE clocked by sys_clk  {rise@0.000ns fall@5.000ns period=10.000ns})
  Path Group:             sys_clk
  Path Type:              Setup (Max at Slow Process Corner)
  Requirement:            10.000ns  (sys_clk rise@10.000ns - sys_clk rise@0.000ns)
  Data Path Delay:        3.573ns  (logic 0.890ns (24.912%)  route 2.683ns (75.088%))
  Logic Levels:           3  (LUT3=1 LUT4=1 LUT6=1)
  Clock Path Skew:        -0.025ns (DCD - SCD + CPR)
    Destination Clock Delay (DCD):    5.180ns = ( 15.180 - 10.000 ) 
    Source Clock Delay      (SCD):    5.640ns
    Clock Pessimism Removal (CPR):    0.435ns
  Clock Uncertainty:      0.035ns  ((TSJ^2 + TIJ^2)^1/2 + DJ) / 2 + PE
    Total System Jitter     (TSJ):    0.071ns
    Total Input Jitter      (TIJ):    0.000ns
    Discrete Jitter          (DJ):    0.000ns
    Phase Error              (PE):    0.000ns

    Location             Delay type                Incr(ns)  Path(ns)    Netlist Resource(s)
  -------------------------------------------------------------------    -------------------
                         (clock sys_clk rise edge)    0.000     0.000 r  
    Y9                                                0.000     0.000 r  clk (IN)
                         net (fo=0)                   0.000     0.000    clk
    Y9                   IBUF (Prop_ibuf_I_O)         1.490     1.490 r  clk_IBUF_inst/O
                         net (fo=1, routed)           2.171     3.661    clk_IBUF
    BUFGCTRL_X0Y0        BUFG (Prop_bufg_I_O)         0.101     3.762 r  clk_IBUF_BUFG_inst/O
                         net (fo=76, routed)          1.878     5.640    instt/clk_IBUF_BUFG
    SLICE_X108Y44        FDRE                                         r  instt/baud_count_reg[7]/C
  -------------------------------------------------------------------    -------------------
    SLICE_X108Y44        FDRE (Prop_fdre_C_Q)         0.518     6.158 f  instt/baud_count_reg[7]/Q
                         net (fo=2, routed)           0.809     6.968    instt/baud_count_reg[7]
    SLICE_X109Y45        LUT4 (Prop_lut4_I1_O)        0.124     7.092 f  instt/FSM_sequential_st[1]_i_3/O
                         net (fo=1, routed)           0.633     7.725    instt/FSM_sequential_st[1]_i_3_n_0
    SLICE_X109Y44        LUT6 (Prop_lut6_I0_O)        0.124     7.849 f  instt/FSM_sequential_st[1]_i_2/O
                         net (fo=7, routed)           0.442     8.291    instt/FSM_sequential_st[1]_i_2_n_0
    SLICE_X111Y45        LUT3 (Prop_lut3_I2_O)        0.124     8.415 r  instt/baud_count[0]_i_1/O
                         net (fo=13, routed)          0.798     9.213    instt/baud_count[0]_i_1_n_0
    SLICE_X108Y43        FDRE                                         r  instt/baud_count_reg[1]/R
  -------------------------------------------------------------------    -------------------

                         (clock sys_clk rise edge)   10.000    10.000 r  
    Y9                                                0.000    10.000 r  clk (IN)
                         net (fo=0)                   0.000    10.000    clk
    Y9                   IBUF (Prop_ibuf_I_O)         1.420    11.420 r  clk_IBUF_inst/O
                         net (fo=1, routed)           1.972    13.392    clk_IBUF
    BUFGCTRL_X0Y0        BUFG (Prop_bufg_I_O)         0.091    13.483 r  clk_IBUF_BUFG_inst/O
                         net (fo=76, routed)          1.697    15.180    instt/clk_IBUF_BUFG
    SLICE_X108Y43        FDRE                                         r  instt/baud_count_reg[1]/C
                         clock pessimism              0.435    15.615    
                         clock uncertainty           -0.035    15.580    
    SLICE_X108Y43        FDRE (Setup_fdre_C_R)       -0.524    15.056    instt/baud_count_reg[1]
  -------------------------------------------------------------------
                         required time                         15.056    
                         arrival time                          -9.213    
  -------------------------------------------------------------------
                         slack                                  5.843    

Slack (MET) :             5.843ns  (required time - arrival time)
  Source:                 instt/baud_count_reg[7]/C
                            (rising edge-triggered cell FDRE clocked by sys_clk  {rise@0.000ns fall@5.000ns period=10.000ns})
  Destination:            instt/baud_count_reg[2]/R
                            (rising edge-triggered cell FDRE clocked by sys_clk  {rise@0.000ns fall@5.000ns period=10.000ns})
  Path Group:             sys_clk
  Path Type:              Setup (Max at Slow Process Corner)
  Requirement:            10.000ns  (sys_clk rise@10.000ns - sys_clk rise@0.000ns)
  Data Path Delay:        3.573ns  (logic 0.890ns (24.912%)  route 2.683ns (75.088%))
  Logic Levels:           3  (LUT3=1 LUT4=1 LUT6=1)
  Clock Path Skew:        -0.025ns (DCD - SCD + CPR)
    Destination Clock Delay (DCD):    5.180ns = ( 15.180 - 10.000 ) 
    Source Clock Delay      (SCD):    5.640ns
    Clock Pessimism Removal (CPR):    0.435ns
  Clock Uncertainty:      0.035ns  ((TSJ^2 + TIJ^2)^1/2 + DJ) / 2 + PE
    Total System Jitter     (TSJ):    0.071ns
    Total Input Jitter      (TIJ):    0.000ns
    Discrete Jitter          (DJ):    0.000ns
    Phase Error              (PE):    0.000ns

    Location             Delay type                Incr(ns)  Path(ns)    Netlist Resource(s)
  -------------------------------------------------------------------    -------------------
                         (clock sys_clk rise edge)    0.000     0.000 r  
    Y9                                                0.000     0.000 r  clk (IN)
                         net (fo=0)                   0.000     0.000    clk
    Y9                   IBUF (Prop_ibuf_I_O)         1.490     1.490 r  clk_IBUF_inst/O
                         net (fo=1, routed)           2.171     3.661    clk_IBUF
    BUFGCTRL_X0Y0        BUFG (Prop_bufg_I_O)         0.101     3.762 r  clk_IBUF_BUFG_inst/O
                         net (fo=76, routed)          1.878     5.640    instt/clk_IBUF_BUFG
    SLICE_X108Y44        FDRE                                         r  instt/baud_count_reg[7]/C
  -------------------------------------------------------------------    -------------------
    SLICE_X108Y44        FDRE (Prop_fdre_C_Q)         0.518     6.158 f  instt/baud_count_reg[7]/Q
                         net (fo=2, routed)           0.809     6.968    instt/baud_count_reg[7]
    SLICE_X109Y45        LUT4 (Prop_lut4_I1_O)        0.124     7.092 f  instt/FSM_sequential_st[1]_i_3/O
                         net (fo=1, routed)           0.633     7.725    instt/FSM_sequential_st[1]_i_3_n_0
    SLICE_X109Y44        LUT6 (Prop_lut6_I0_O)        0.124     7.849 f  instt/FSM_sequential_st[1]_i_2/O
                         net (fo=7, routed)           0.442     8.291    instt/FSM_sequential_st[1]_i_2_n_0
    SLICE_X111Y45        LUT3 (Prop_lut3_I2_O)        0.124     8.415 r  instt/baud_count[0]_i_1/O
                         net (fo=13, routed)          0.798     9.213    instt/baud_count[0]_i_1_n_0
    SLICE_X108Y43        FDRE                                         r  instt/baud_count_reg[2]/R
  -------------------------------------------------------------------    -------------------

                         (clock sys_clk rise edge)   10.000    10.000 r  
    Y9                                                0.000    10.000 r  clk (IN)
                         net (fo=0)                   0.000    10.000    clk
    Y9                   IBUF (Prop_ibuf_I_O)         1.420    11.420 r  clk_IBUF_inst/O
                         net (fo=1, routed)           1.972    13.392    clk_IBUF
    BUFGCTRL_X0Y0        BUFG (Prop_bufg_I_O)         0.091    13.483 r  clk_IBUF_BUFG_inst/O
                         net (fo=76, routed)          1.697    15.180    instt/clk_IBUF_BUFG
    SLICE_X108Y43        FDRE                                         r  instt/baud_count_reg[2]/C
                         clock pessimism              0.435    15.615    
                         clock uncertainty           -0.035    15.580    
    SLICE_X108Y43        FDRE (Setup_fdre_C_R)       -0.524    15.056    instt/baud_count_reg[2]
  -------------------------------------------------------------------
                         required time                         15.056    
                         arrival time                          -9.213    
  -------------------------------------------------------------------
                         slack                                  5.843    

Slack (MET) :             5.843ns  (required time - arrival time)
  Source:                 instt/baud_count_reg[7]/C
                            (rising edge-triggered cell FDRE clocked by sys_clk  {rise@0.000ns fall@5.000ns period=10.000ns})
  Destination:            instt/baud_count_reg[3]/R
                            (rising edge-triggered cell FDRE clocked by sys_clk  {rise@0.000ns fall@5.000ns period=10.000ns})
  Path Group:             sys_clk
  Path Type:              Setup (Max at Slow Process Corner)
  Requirement:            10.000ns  (sys_clk rise@10.000ns - sys_clk rise@0.000ns)
  Data Path Delay:        3.573ns  (logic 0.890ns (24.912%)  route 2.683ns (75.088%))
  Logic Levels:           3  (LUT3=1 LUT4=1 LUT6=1)
  Clock Path Skew:        -0.025ns (DCD - SCD + CPR)
    Destination Clock Delay (DCD):    5.180ns = ( 15.180 - 10.000 ) 
    Source Clock Delay      (SCD):    5.640ns
    Clock Pessimism Removal (CPR):    0.435ns
  Clock Uncertainty:      0.035ns  ((TSJ^2 + TIJ^2)^1/2 + DJ) / 2 + PE
    Total System Jitter     (TSJ):    0.071ns
    Total Input Jitter      (TIJ):    0.000ns
    Discrete Jitter          (DJ):    0.000ns
    Phase Error              (PE):    0.000ns

    Location             Delay type                Incr(ns)  Path(ns)    Netlist Resource(s)
  -------------------------------------------------------------------    -------------------
                         (clock sys_clk rise edge)    0.000     0.000 r  
    Y9                                                0.000     0.000 r  clk (IN)
                         net (fo=0)                   0.000     0.000    clk
    Y9                   IBUF (Prop_ibuf_I_O)         1.490     1.490 r  clk_IBUF_inst/O
                         net (fo=1, routed)           2.171     3.661    clk_IBUF
    BUFGCTRL_X0Y0        BUFG (Prop_bufg_I_O)         0.101     3.762 r  clk_IBUF_BUFG_inst/O
                         net (fo=76, routed)          1.878     5.640    instt/clk_IBUF_BUFG
    SLICE_X108Y44        FDRE                                         r  instt/baud_count_reg[7]/C
  -------------------------------------------------------------------    -------------------
    SLICE_X108Y44        FDRE (Prop_fdre_C_Q)         0.518     6.158 f  instt/baud_count_reg[7]/Q
                         net (fo=2, routed)           0.809     6.968    instt/baud_count_reg[7]
    SLICE_X109Y45        LUT4 (Prop_lut4_I1_O)        0.124     7.092 f  instt/FSM_sequential_st[1]_i_3/O
                         net (fo=1, routed)           0.633     7.725    instt/FSM_sequential_st[1]_i_3_n_0
    SLICE_X109Y44        LUT6 (Prop_lut6_I0_O)        0.124     7.849 f  instt/FSM_sequential_st[1]_i_2/O
                         net (fo=7, routed)           0.442     8.291    instt/FSM_sequential_st[1]_i_2_n_0
    SLICE_X111Y45        LUT3 (Prop_lut3_I2_O)        0.124     8.415 r  instt/baud_count[0]_i_1/O
                         net (fo=13, routed)          0.798     9.213    instt/baud_count[0]_i_1_n_0
    SLICE_X108Y43        FDRE                                         r  instt/baud_count_reg[3]/R
  -------------------------------------------------------------------    -------------------

                         (clock sys_clk rise edge)   10.000    10.000 r  
    Y9                                                0.000    10.000 r  clk (IN)
                         net (fo=0)                   0.000    10.000    clk
    Y9                   IBUF (Prop_ibuf_I_O)         1.420    11.420 r  clk_IBUF_inst/O
                         net (fo=1, routed)           1.972    13.392    clk_IBUF
    BUFGCTRL_X0Y0        BUFG (Prop_bufg_I_O)         0.091    13.483 r  clk_IBUF_BUFG_inst/O
                         net (fo=76, routed)          1.697    15.180    instt/clk_IBUF_BUFG
    SLICE_X108Y43        FDRE                                         r  instt/baud_count_reg[3]/C
                         clock pessimism              0.435    15.615    
                         clock uncertainty           -0.035    15.580    
    SLICE_X108Y43        FDRE (Setup_fdre_C_R)       -0.524    15.056    instt/baud_count_reg[3]
  -------------------------------------------------------------------
                         required time                         15.056    
                         arrival time                          -9.213    
  -------------------------------------------------------------------
                         slack                                  5.843    

Slack (MET) :             5.942ns  (required time - arrival time)
  Source:                 instt/baud_count_reg[7]/C
                            (rising edge-triggered cell FDRE clocked by sys_clk  {rise@0.000ns fall@5.000ns period=10.000ns})
  Destination:            instt/baud_count_reg[10]/R
                            (rising edge-triggered cell FDRE clocked by sys_clk  {rise@0.000ns fall@5.000ns period=10.000ns})
  Path Group:             sys_clk
  Path Type:              Setup (Max at Slow Process Corner)
  Requirement:            10.000ns  (sys_clk rise@10.000ns - sys_clk rise@0.000ns)
  Data Path Delay:        3.474ns  (logic 0.890ns (25.618%)  route 2.584ns (74.382%))
  Logic Levels:           3  (LUT3=1 LUT4=1 LUT6=1)
  Clock Path Skew:        -0.025ns (DCD - SCD + CPR)
    Destination Clock Delay (DCD):    5.180ns = ( 15.180 - 10.000 ) 
    Source Clock Delay      (SCD):    5.640ns
    Clock Pessimism Removal (CPR):    0.435ns
  Clock Uncertainty:      0.035ns  ((TSJ^2 + TIJ^2)^1/2 + DJ) / 2 + PE
    Total System Jitter     (TSJ):    0.071ns
    Total Input Jitter      (TIJ):    0.000ns
    Discrete Jitter          (DJ):    0.000ns
    Phase Error              (PE):    0.000ns

    Location             Delay type                Incr(ns)  Path(ns)    Netlist Resource(s)
  -------------------------------------------------------------------    -------------------
                         (clock sys_clk rise edge)    0.000     0.000 r  
    Y9                                                0.000     0.000 r  clk (IN)
                         net (fo=0)                   0.000     0.000    clk
    Y9                   IBUF (Prop_ibuf_I_O)         1.490     1.490 r  clk_IBUF_inst/O
                         net (fo=1, routed)           2.171     3.661    clk_IBUF
    BUFGCTRL_X0Y0        BUFG (Prop_bufg_I_O)         0.101     3.762 r  clk_IBUF_BUFG_inst/O
                         net (fo=76, routed)          1.878     5.640    instt/clk_IBUF_BUFG
    SLICE_X108Y44        FDRE                                         r  instt/baud_count_reg[7]/C
  -------------------------------------------------------------------    -------------------
    SLICE_X108Y44        FDRE (Prop_fdre_C_Q)         0.518     6.158 f  instt/baud_count_reg[7]/Q
                         net (fo=2, routed)           0.809     6.968    instt/baud_count_reg[7]
    SLICE_X109Y45        LUT4 (Prop_lut4_I1_O)        0.124     7.092 f  instt/FSM_sequential_st[1]_i_3/O
                         net (fo=1, routed)           0.633     7.725    instt/FSM_sequential_st[1]_i_3_n_0
    SLICE_X109Y44        LUT6 (Prop_lut6_I0_O)        0.124     7.849 f  instt/FSM_sequential_st[1]_i_2/O
                         net (fo=7, routed)           0.442     8.291    instt/FSM_sequential_st[1]_i_2_n_0
    SLICE_X111Y45        LUT3 (Prop_lut3_I2_O)        0.124     8.415 r  instt/baud_count[0]_i_1/O
                         net (fo=13, routed)          0.700     9.115    instt/baud_count[0]_i_1_n_0
    SLICE_X108Y45        FDRE                                         r  instt/baud_count_reg[10]/R
  -------------------------------------------------------------------    -------------------

                         (clock sys_clk rise edge)   10.000    10.000 r  
    Y9                                                0.000    10.000 r  clk (IN)
                         net (fo=0)                   0.000    10.000    clk
    Y9                   IBUF (Prop_ibuf_I_O)         1.420    11.420 r  clk_IBUF_inst/O
                         net (fo=1, routed)           1.972    13.392    clk_IBUF
    BUFGCTRL_X0Y0        BUFG (Prop_bufg_I_O)         0.091    13.483 r  clk_IBUF_BUFG_inst/O
                         net (fo=76, routed)          1.697    15.180    instt/clk_IBUF_BUFG
    SLICE_X108Y45        FDRE                                         r  instt/baud_count_reg[10]/C
                         clock pessimism              0.435    15.615    
                         clock uncertainty           -0.035    15.580    
    SLICE_X108Y45        FDRE (Setup_fdre_C_R)       -0.524    15.056    instt/baud_count_reg[10]
  -------------------------------------------------------------------
                         required time                         15.056    
                         arrival time                          -9.115    
  -------------------------------------------------------------------
                         slack                                  5.942    

Slack (MET) :             5.942ns  (required time - arrival time)
  Source:                 instt/baud_count_reg[7]/C
                            (rising edge-triggered cell FDRE clocked by sys_clk  {rise@0.000ns fall@5.000ns period=10.000ns})
  Destination:            instt/baud_count_reg[11]/R
                            (rising edge-triggered cell FDRE clocked by sys_clk  {rise@0.000ns fall@5.000ns period=10.000ns})
  Path Group:             sys_clk
  Path Type:              Setup (Max at Slow Process Corner)
  Requirement:            10.000ns  (sys_clk rise@10.000ns - sys_clk rise@0.000ns)
  Data Path Delay:        3.474ns  (logic 0.890ns (25.618%)  route 2.584ns (74.382%))
  Logic Levels:           3  (LUT3=1 LUT4=1 LUT6=1)
  Clock Path Skew:        -0.025ns (DCD - SCD + CPR)
    Destination Clock Delay (DCD):    5.180ns = ( 15.180 - 10.000 ) 
    Source Clock Delay      (SCD):    5.640ns
    Clock Pessimism Removal (CPR):    0.435ns
  Clock Uncertainty:      0.035ns  ((TSJ^2 + TIJ^2)^1/2 + DJ) / 2 + PE
    Total System Jitter     (TSJ):    0.071ns
    Total Input Jitter      (TIJ):    0.000ns
    Discrete Jitter          (DJ):    0.000ns
    Phase Error              (PE):    0.000ns

    Location             Delay type                Incr(ns)  Path(ns)    Netlist Resource(s)
  -------------------------------------------------------------------    -------------------
                         (clock sys_clk rise edge)    0.000     0.000 r  
    Y9                                                0.000     0.000 r  clk (IN)
                         net (fo=0)                   0.000     0.000    clk
    Y9                   IBUF (Prop_ibuf_I_O)         1.490     1.490 r  clk_IBUF_inst/O
                         net (fo=1, routed)           2.171     3.661    clk_IBUF
    BUFGCTRL_X0Y0        BUFG (Prop_bufg_I_O)         0.101     3.762 r  clk_IBUF_BUFG_inst/O
                         net (fo=76, routed)          1.878     5.640    instt/clk_IBUF_BUFG
    SLICE_X108Y44        FDRE                                         r  instt/baud_count_reg[7]/C
  -------------------------------------------------------------------    -------------------
    SLICE_X108Y44        FDRE (Prop_fdre_C_Q)         0.518     6.158 f  instt/baud_count_reg[7]/Q
                         net (fo=2, routed)           0.809     6.968    instt/baud_count_reg[7]
    SLICE_X109Y45        LUT4 (Prop_lut4_I1_O)        0.124     7.092 f  instt/FSM_sequential_st[1]_i_3/O
                         net (fo=1, routed)           0.633     7.725    instt/FSM_sequential_st[1]_i_3_n_0
    SLICE_X109Y44        LUT6 (Prop_lut6_I0_O)        0.124     7.849 f  instt/FSM_sequential_st[1]_i_2/O
                         net (fo=7, routed)           0.442     8.291    instt/FSM_sequential_st[1]_i_2_n_0
    SLICE_X111Y45        LUT3 (Prop_lut3_I2_O)        0.124     8.415 r  instt/baud_count[0]_i_1/O
                         net (fo=13, routed)          0.700     9.115    instt/baud_count[0]_i_1_n_0
    SLICE_X108Y45        FDRE                                         r  instt/baud_count_reg[11]/R
  -------------------------------------------------------------------    -------------------

                         (clock sys_clk rise edge)   10.000    10.000 r  
    Y9                                                0.000    10.000 r  clk (IN)
                         net (fo=0)                   0.000    10.000    clk
    Y9                   IBUF (Prop_ibuf_I_O)         1.420    11.420 r  clk_IBUF_inst/O
                         net (fo=1, routed)           1.972    13.392    clk_IBUF
    BUFGCTRL_X0Y0        BUFG (Prop_bufg_I_O)         0.091    13.483 r  clk_IBUF_BUFG_inst/O
                         net (fo=76, routed)          1.697    15.180    instt/clk_IBUF_BUFG
    SLICE_X108Y45        FDRE                                         r  instt/baud_count_reg[11]/C
                         clock pessimism              0.435    15.615    
                         clock uncertainty           -0.035    15.580    
    SLICE_X108Y45        FDRE (Setup_fdre_C_R)       -0.524    15.056    instt/baud_count_reg[11]
  -------------------------------------------------------------------
                         required time                         15.056    
                         arrival time                          -9.115    
  -------------------------------------------------------------------
                         slack                                  5.942    

Slack (MET) :             5.942ns  (required time - arrival time)
  Source:                 instt/baud_count_reg[7]/C
                            (rising edge-triggered cell FDRE clocked by sys_clk  {rise@0.000ns fall@5.000ns period=10.000ns})
  Destination:            instt/baud_count_reg[8]/R
                            (rising edge-triggered cell FDRE clocked by sys_clk  {rise@0.000ns fall@5.000ns period=10.000ns})
  Path Group:             sys_clk
  Path Type:              Setup (Max at Slow Process Corner)
  Requirement:            10.000ns  (sys_clk rise@10.000ns - sys_clk rise@0.000ns)
  Data Path Delay:        3.474ns  (logic 0.890ns (25.618%)  route 2.584ns (74.382%))
  Logic Levels:           3  (LUT3=1 LUT4=1 LUT6=1)
  Clock Path Skew:        -0.025ns (DCD - SCD + CPR)
    Destination Clock Delay (DCD):    5.180ns = ( 15.180 - 10.000 ) 
    Source Clock Delay      (SCD):    5.640ns
    Clock Pessimism Removal (CPR):    0.435ns
  Clock Uncertainty:      0.035ns  ((TSJ^2 + TIJ^2)^1/2 + DJ) / 2 + PE
    Total System Jitter     (TSJ):    0.071ns
    Total Input Jitter      (TIJ):    0.000ns
    Discrete Jitter          (DJ):    0.000ns
    Phase Error              (PE):    0.000ns

    Location             Delay type                Incr(ns)  Path(ns)    Netlist Resource(s)
  -------------------------------------------------------------------    -------------------
                         (clock sys_clk rise edge)    0.000     0.000 r  
    Y9                                                0.000     0.000 r  clk (IN)
                         net (fo=0)                   0.000     0.000    clk
    Y9                   IBUF (Prop_ibuf_I_O)         1.490     1.490 r  clk_IBUF_inst/O
                         net (fo=1, routed)           2.171     3.661    clk_IBUF
    BUFGCTRL_X0Y0        BUFG (Prop_bufg_I_O)         0.101     3.762 r  clk_IBUF_BUFG_inst/O
                         net (fo=76, routed)          1.878     5.640    instt/clk_IBUF_BUFG
    SLICE_X108Y44        FDRE                                         r  instt/baud_count_reg[7]/C
  -------------------------------------------------------------------    -------------------
    SLICE_X108Y44        FDRE (Prop_fdre_C_Q)         0.518     6.158 f  instt/baud_count_reg[7]/Q
                         net (fo=2, routed)           0.809     6.968    instt/baud_count_reg[7]
    SLICE_X109Y45        LUT4 (Prop_lut4_I1_O)        0.124     7.092 f  instt/FSM_sequential_st[1]_i_3/O
                         net (fo=1, routed)           0.633     7.725    instt/FSM_sequential_st[1]_i_3_n_0
    SLICE_X109Y44        LUT6 (Prop_lut6_I0_O)        0.124     7.849 f  instt/FSM_sequential_st[1]_i_2/O
                         net (fo=7, routed)           0.442     8.291    instt/FSM_sequential_st[1]_i_2_n_0
    SLICE_X111Y45        LUT3 (Prop_lut3_I2_O)        0.124     8.415 r  instt/baud_count[0]_i_1/O
                         net (fo=13, routed)          0.700     9.115    instt/baud_count[0]_i_1_n_0
    SLICE_X108Y45        FDRE                                         r  instt/baud_count_reg[8]/R
  -------------------------------------------------------------------    -------------------

                         (clock sys_clk rise edge)   10.000    10.000 r  
    Y9                                                0.000    10.000 r  clk (IN)
                         net (fo=0)                   0.000    10.000    clk
    Y9                   IBUF (Prop_ibuf_I_O)         1.420    11.420 r  clk_IBUF_inst/O
                         net (fo=1, routed)           1.972    13.392    clk_IBUF
    BUFGCTRL_X0Y0        BUFG (Prop_bufg_I_O)         0.091    13.483 r  clk_IBUF_BUFG_inst/O
                         net (fo=76, routed)          1.697    15.180    instt/clk_IBUF_BUFG
    SLICE_X108Y45        FDRE                                         r  instt/baud_count_reg[8]/C
                         clock pessimism              0.435    15.615    
                         clock uncertainty           -0.035    15.580    
    SLICE_X108Y45        FDRE (Setup_fdre_C_R)       -0.524    15.056    instt/baud_count_reg[8]
  -------------------------------------------------------------------
                         required time                         15.056    
                         arrival time                          -9.115    
  -------------------------------------------------------------------
                         slack                                  5.942    

Slack (MET) :             5.942ns  (required time - arrival time)
  Source:                 instt/baud_count_reg[7]/C
                            (rising edge-triggered cell FDRE clocked by sys_clk  {rise@0.000ns fall@5.000ns period=10.000ns})
  Destination:            instt/baud_count_reg[9]/R
                            (rising edge-triggered cell FDRE clocked by sys_clk  {rise@0.000ns fall@5.000ns period=10.000ns})
  Path Group:             sys_clk
  Path Type:              Setup (Max at Slow Process Corner)
  Requirement:            10.000ns  (sys_clk rise@10.000ns - sys_clk rise@0.000ns)
  Data Path Delay:        3.474ns  (logic 0.890ns (25.618%)  route 2.584ns (74.382%))
  Logic Levels:           3  (LUT3=1 LUT4=1 LUT6=1)
  Clock Path Skew:        -0.025ns (DCD - SCD + CPR)
    Destination Clock Delay (DCD):    5.180ns = ( 15.180 - 10.000 ) 
    Source Clock Delay      (SCD):    5.640ns
    Clock Pessimism Removal (CPR):    0.435ns
  Clock Uncertainty:      0.035ns  ((TSJ^2 + TIJ^2)^1/2 + DJ) / 2 + PE
    Total System Jitter     (TSJ):    0.071ns
    Total Input Jitter      (TIJ):    0.000ns
    Discrete Jitter          (DJ):    0.000ns
    Phase Error              (PE):    0.000ns

    Location             Delay type                Incr(ns)  Path(ns)    Netlist Resource(s)
  -------------------------------------------------------------------    -------------------
                         (clock sys_clk rise edge)    0.000     0.000 r  
    Y9                                                0.000     0.000 r  clk (IN)
                         net (fo=0)                   0.000     0.000    clk
    Y9                   IBUF (Prop_ibuf_I_O)         1.490     1.490 r  clk_IBUF_inst/O
                         net (fo=1, routed)           2.171     3.661    clk_IBUF
    BUFGCTRL_X0Y0        BUFG (Prop_bufg_I_O)         0.101     3.762 r  clk_IBUF_BUFG_inst/O
                         net (fo=76, routed)          1.878     5.640    instt/clk_IBUF_BUFG
    SLICE_X108Y44        FDRE                                         r  instt/baud_count_reg[7]/C
  -------------------------------------------------------------------    -------------------
    SLICE_X108Y44        FDRE (Prop_fdre_C_Q)         0.518     6.158 f  instt/baud_count_reg[7]/Q
                         net (fo=2, routed)           0.809     6.968    instt/baud_count_reg[7]
    SLICE_X109Y45        LUT4 (Prop_lut4_I1_O)        0.124     7.092 f  instt/FSM_sequential_st[1]_i_3/O
                         net (fo=1, routed)           0.633     7.725    instt/FSM_sequential_st[1]_i_3_n_0
    SLICE_X109Y44        LUT6 (Prop_lut6_I0_O)        0.124     7.849 f  instt/FSM_sequential_st[1]_i_2/O
                         net (fo=7, routed)           0.442     8.291    instt/FSM_sequential_st[1]_i_2_n_0
    SLICE_X111Y45        LUT3 (Prop_lut3_I2_O)        0.124     8.415 r  instt/baud_count[0]_i_1/O
                         net (fo=13, routed)          0.700     9.115    instt/baud_count[0]_i_1_n_0
    SLICE_X108Y45        FDRE                                         r  instt/baud_count_reg[9]/R
  -------------------------------------------------------------------    -------------------

                         (clock sys_clk rise edge)   10.000    10.000 r  
    Y9                                                0.000    10.000 r  clk (IN)
                         net (fo=0)                   0.000    10.000    clk
    Y9                   IBUF (Prop_ibuf_I_O)         1.420    11.420 r  clk_IBUF_inst/O
                         net (fo=1, routed)           1.972    13.392    clk_IBUF
    BUFGCTRL_X0Y0        BUFG (Prop_bufg_I_O)         0.091    13.483 r  clk_IBUF_BUFG_inst/O
                         net (fo=76, routed)          1.697    15.180    instt/clk_IBUF_BUFG
    SLICE_X108Y45        FDRE                                         r  instt/baud_count_reg[9]/C
                         clock pessimism              0.435    15.615    
                         clock uncertainty           -0.035    15.580    
    SLICE_X108Y45        FDRE (Setup_fdre_C_R)       -0.524    15.056    instt/baud_count_reg[9]
  -------------------------------------------------------------------
                         required time                         15.056    
                         arrival time                          -9.115    
  -------------------------------------------------------------------
                         slack                                  5.942    

Slack (MET) :             5.995ns  (required time - arrival time)
  Source:                 instt/baud_count_reg[7]/C
                            (rising edge-triggered cell FDRE clocked by sys_clk  {rise@0.000ns fall@5.000ns period=10.000ns})
  Destination:            instt/baud_count_reg[12]/R
                            (rising edge-triggered cell FDRE clocked by sys_clk  {rise@0.000ns fall@5.000ns period=10.000ns})
  Path Group:             sys_clk
  Path Type:              Setup (Max at Slow Process Corner)
  Requirement:            10.000ns  (sys_clk rise@10.000ns - sys_clk rise@0.000ns)
  Data Path Delay:        3.421ns  (logic 0.890ns (26.015%)  route 2.531ns (73.985%))
  Logic Levels:           3  (LUT3=1 LUT4=1 LUT6=1)
  Clock Path Skew:        -0.025ns (DCD - SCD + CPR)
    Destination Clock Delay (DCD):    5.180ns = ( 15.180 - 10.000 ) 
    Source Clock Delay      (SCD):    5.640ns
    Clock Pessimism Removal (CPR):    0.435ns
  Clock Uncertainty:      0.035ns  ((TSJ^2 + TIJ^2)^1/2 + DJ) / 2 + PE
    Total System Jitter     (TSJ):    0.071ns
    Total Input Jitter      (TIJ):    0.000ns
    Discrete Jitter          (DJ):    0.000ns
    Phase Error              (PE):    0.000ns

    Location             Delay type                Incr(ns)  Path(ns)    Netlist Resource(s)
  -------------------------------------------------------------------    -------------------
                         (clock sys_clk rise edge)    0.000     0.000 r  
    Y9                                                0.000     0.000 r  clk (IN)
                         net (fo=0)                   0.000     0.000    clk
    Y9                   IBUF (Prop_ibuf_I_O)         1.490     1.490 r  clk_IBUF_inst/O
                         net (fo=1, routed)           2.171     3.661    clk_IBUF
    BUFGCTRL_X0Y0        BUFG (Prop_bufg_I_O)         0.101     3.762 r  clk_IBUF_BUFG_inst/O
                         net (fo=76, routed)          1.878     5.640    instt/clk_IBUF_BUFG
    SLICE_X108Y44        FDRE                                         r  instt/baud_count_reg[7]/C
  -------------------------------------------------------------------    -------------------
    SLICE_X108Y44        FDRE (Prop_fdre_C_Q)         0.518     6.158 f  instt/baud_count_reg[7]/Q
                         net (fo=2, routed)           0.809     6.968    instt/baud_count_reg[7]
    SLICE_X109Y45        LUT4 (Prop_lut4_I1_O)        0.124     7.092 f  instt/FSM_sequential_st[1]_i_3/O
                         net (fo=1, routed)           0.633     7.725    instt/FSM_sequential_st[1]_i_3_n_0
    SLICE_X109Y44        LUT6 (Prop_lut6_I0_O)        0.124     7.849 f  instt/FSM_sequential_st[1]_i_2/O
                         net (fo=7, routed)           0.442     8.291    instt/FSM_sequential_st[1]_i_2_n_0
    SLICE_X111Y45        LUT3 (Prop_lut3_I2_O)        0.124     8.415 r  instt/baud_count[0]_i_1/O
                         net (fo=13, routed)          0.646     9.061    instt/baud_count[0]_i_1_n_0
    SLICE_X108Y46        FDRE                                         r  instt/baud_count_reg[12]/R
  -------------------------------------------------------------------    -------------------

                         (clock sys_clk rise edge)   10.000    10.000 r  
    Y9                                                0.000    10.000 r  clk (IN)
                         net (fo=0)                   0.000    10.000    clk
    Y9                   IBUF (Prop_ibuf_I_O)         1.420    11.420 r  clk_IBUF_inst/O
                         net (fo=1, routed)           1.972    13.392    clk_IBUF
    BUFGCTRL_X0Y0        BUFG (Prop_bufg_I_O)         0.091    13.483 r  clk_IBUF_BUFG_inst/O
                         net (fo=76, routed)          1.697    15.180    instt/clk_IBUF_BUFG
    SLICE_X108Y46        FDRE                                         r  instt/baud_count_reg[12]/C
                         clock pessimism              0.435    15.615    
                         clock uncertainty           -0.035    15.580    
    SLICE_X108Y46        FDRE (Setup_fdre_C_R)       -0.524    15.056    instt/baud_count_reg[12]
  -------------------------------------------------------------------
                         required time                         15.056    
                         arrival time                          -9.061    
  -------------------------------------------------------------------
                         slack                                  5.995    

Slack (MET) :             6.009ns  (required time - arrival time)
  Source:                 instt/baud_count_reg[7]/C
                            (rising edge-triggered cell FDRE clocked by sys_clk  {rise@0.000ns fall@5.000ns period=10.000ns})
  Destination:            instt/baud_count_reg[4]/R
                            (rising edge-triggered cell FDRE clocked by sys_clk  {rise@0.000ns fall@5.000ns period=10.000ns})
  Path Group:             sys_clk
  Path Type:              Setup (Max at Slow Process Corner)
  Requirement:            10.000ns  (sys_clk rise@10.000ns - sys_clk rise@0.000ns)
  Data Path Delay:        3.432ns  (logic 0.890ns (25.935%)  route 2.542ns (74.065%))
  Logic Levels:           3  (LUT3=1 LUT4=1 LUT6=1)
  Clock Path Skew:        0.000ns (DCD - SCD + CPR)
    Destination Clock Delay (DCD):    5.180ns = ( 15.180 - 10.000 ) 
    Source Clock Delay      (SCD):    5.640ns
    Clock Pessimism Removal (CPR):    0.460ns
  Clock Uncertainty:      0.035ns  ((TSJ^2 + TIJ^2)^1/2 + DJ) / 2 + PE
    Total System Jitter     (TSJ):    0.071ns
    Total Input Jitter      (TIJ):    0.000ns
    Discrete Jitter          (DJ):    0.000ns
    Phase Error              (PE):    0.000ns

    Location             Delay type                Incr(ns)  Path(ns)    Netlist Resource(s)
  -------------------------------------------------------------------    -------------------
                         (clock sys_clk rise edge)    0.000     0.000 r  
    Y9                                                0.000     0.000 r  clk (IN)
                         net (fo=0)                   0.000     0.000    clk
    Y9                   IBUF (Prop_ibuf_I_O)         1.490     1.490 r  clk_IBUF_inst/O
                         net (fo=1, routed)           2.171     3.661    clk_IBUF
    BUFGCTRL_X0Y0        BUFG (Prop_bufg_I_O)         0.101     3.762 r  clk_IBUF_BUFG_inst/O
                         net (fo=76, routed)          1.878     5.640    instt/clk_IBUF_BUFG
    SLICE_X108Y44        FDRE                                         r  instt/baud_count_reg[7]/C
  -------------------------------------------------------------------    -------------------
    SLICE_X108Y44        FDRE (Prop_fdre_C_Q)         0.518     6.158 f  instt/baud_count_reg[7]/Q
                         net (fo=2, routed)           0.809     6.968    instt/baud_count_reg[7]
    SLICE_X109Y45        LUT4 (Prop_lut4_I1_O)        0.124     7.092 f  instt/FSM_sequential_st[1]_i_3/O
                         net (fo=1, routed)           0.633     7.725    instt/FSM_sequential_st[1]_i_3_n_0
    SLICE_X109Y44        LUT6 (Prop_lut6_I0_O)        0.124     7.849 f  instt/FSM_sequential_st[1]_i_2/O
                         net (fo=7, routed)           0.442     8.291    instt/FSM_sequential_st[1]_i_2_n_0
    SLICE_X111Y45        LUT3 (Prop_lut3_I2_O)        0.124     8.415 r  instt/baud_count[0]_i_1/O
                         net (fo=13, routed)          0.657     9.072    instt/baud_count[0]_i_1_n_0
    SLICE_X108Y44        FDRE                                         r  instt/baud_count_reg[4]/R
  -------------------------------------------------------------------    -------------------

                         (clock sys_clk rise edge)   10.000    10.000 r  
    Y9                                                0.000    10.000 r  clk (IN)
                         net (fo=0)                   0.000    10.000    clk
    Y9                   IBUF (Prop_ibuf_I_O)         1.420    11.420 r  clk_IBUF_inst/O
                         net (fo=1, routed)           1.972    13.392    clk_IBUF
    BUFGCTRL_X0Y0        BUFG (Prop_bufg_I_O)         0.091    13.483 r  clk_IBUF_BUFG_inst/O
                         net (fo=76, routed)          1.697    15.180    instt/clk_IBUF_BUFG
    SLICE_X108Y44        FDRE                                         r  instt/baud_count_reg[4]/C
                         clock pessimism              0.460    15.640    
                         clock uncertainty           -0.035    15.605    
    SLICE_X108Y44        FDRE (Setup_fdre_C_R)       -0.524    15.081    instt/baud_count_reg[4]
  -------------------------------------------------------------------
                         required time                         15.081    
                         arrival time                          -9.072    
  -------------------------------------------------------------------
                         slack                                  6.009    





Min Delay Paths
--------------------------------------------------------------------------------------
Slack (MET) :             0.034ns  (arrival time - required time)
  Source:                 inst/data_out_reg[7]/C
                            (rising edge-triggered cell FDRE clocked by sys_clk  {rise@0.000ns fall@5.000ns period=10.000ns})
  Destination:            insttt/uart_din_reg[7]/D
                            (rising edge-triggered cell FDRE clocked by sys_clk  {rise@0.000ns fall@5.000ns period=10.000ns})
  Path Group:             sys_clk
  Path Type:              Hold (Min at Fast Process Corner)
  Requirement:            0.000ns  (sys_clk rise@0.000ns - sys_clk rise@0.000ns)
  Data Path Delay:        0.385ns  (logic 0.164ns (42.543%)  route 0.221ns (57.457%))
  Logic Levels:           0  
  Clock Path Skew:        0.273ns (DCD - SCD - CPR)
    Destination Clock Delay (DCD):    2.106ns
    Source Clock Delay      (SCD):    1.586ns
    Clock Pessimism Removal (CPR):    0.247ns

    Location             Delay type                Incr(ns)  Path(ns)    Netlist Resource(s)
  -------------------------------------------------------------------    -------------------
                         (clock sys_clk rise edge)    0.000     0.000 r  
    Y9                                                0.000     0.000 r  clk (IN)
                         net (fo=0)                   0.000     0.000    clk
    Y9                   IBUF (Prop_ibuf_I_O)         0.258     0.258 r  clk_IBUF_inst/O
                         net (fo=1, routed)           0.663     0.921    clk_IBUF
    BUFGCTRL_X0Y0        BUFG (Prop_bufg_I_O)         0.026     0.947 r  clk_IBUF_BUFG_inst/O
                         net (fo=76, routed)          0.639     1.586    inst/clk_IBUF_BUFG
    SLICE_X112Y52        FDRE                                         r  inst/data_out_reg[7]/C
  -------------------------------------------------------------------    -------------------
    SLICE_X112Y52        FDRE (Prop_fdre_C_Q)         0.164     1.750 r  inst/data_out_reg[7]/Q
                         net (fo=1, routed)           0.221     1.971    insttt/uart_din_reg[7]_1[7]
    SLICE_X111Y47        FDRE                                         r  insttt/uart_din_reg[7]/D
  -------------------------------------------------------------------    -------------------

                         (clock sys_clk rise edge)    0.000     0.000 r  
    Y9                                                0.000     0.000 r  clk (IN)
                         net (fo=0)                   0.000     0.000    clk
    Y9                   IBUF (Prop_ibuf_I_O)         0.446     0.446 r  clk_IBUF_inst/O
                         net (fo=1, routed)           0.719     1.165    clk_IBUF
    BUFGCTRL_X0Y0        BUFG (Prop_bufg_I_O)         0.029     1.194 r  clk_IBUF_BUFG_inst/O
                         net (fo=76, routed)          0.912     2.106    insttt/clk_IBUF_BUFG
    SLICE_X111Y47        FDRE                                         r  insttt/uart_din_reg[7]/C
                         clock pessimism             -0.247     1.859    
    SLICE_X111Y47        FDRE (Hold_fdre_C_D)         0.078     1.937    insttt/uart_din_reg[7]
  -------------------------------------------------------------------
                         required time                         -1.937    
                         arrival time                           1.971    
  -------------------------------------------------------------------
                         slack                                  0.034    

Slack (MET) :             0.040ns  (arrival time - required time)
  Source:                 inst/wr_ptr_reg[0]/C
                            (rising edge-triggered cell FDRE clocked by sys_clk  {rise@0.000ns fall@5.000ns period=10.000ns})
  Destination:            inst/mem_reg_0_7_6_7/RAMA/WADR0
                            (rising edge-triggered cell RAMD32 clocked by sys_clk  {rise@0.000ns fall@5.000ns period=10.000ns})
  Path Group:             sys_clk
  Path Type:              Hold (Min at Fast Process Corner)
  Requirement:            0.000ns  (sys_clk rise@0.000ns - sys_clk rise@0.000ns)
  Data Path Delay:        0.621ns  (logic 0.164ns (26.391%)  route 0.457ns (73.609%))
  Logic Levels:           0  
  Clock Path Skew:        0.271ns (DCD - SCD - CPR)
    Destination Clock Delay (DCD):    2.105ns
    Source Clock Delay      (SCD):    1.587ns
    Clock Pessimism Removal (CPR):    0.247ns

    Location             Delay type                Incr(ns)  Path(ns)    Netlist Resource(s)
  -------------------------------------------------------------------    -------------------
                         (clock sys_clk rise edge)    0.000     0.000 r  
    Y9                                                0.000     0.000 r  clk (IN)
                         net (fo=0)                   0.000     0.000    clk
    Y9                   IBUF (Prop_ibuf_I_O)         0.258     0.258 r  clk_IBUF_inst/O
                         net (fo=1, routed)           0.663     0.921    clk_IBUF
    BUFGCTRL_X0Y0        BUFG (Prop_bufg_I_O)         0.026     0.947 r  clk_IBUF_BUFG_inst/O
                         net (fo=76, routed)          0.640     1.587    inst/clk_IBUF_BUFG
    SLICE_X112Y46        FDRE                                         r  inst/wr_ptr_reg[0]/C
  -------------------------------------------------------------------    -------------------
    SLICE_X112Y46        FDRE (Prop_fdre_C_Q)         0.164     1.751 r  inst/wr_ptr_reg[0]/Q
                         net (fo=19, routed)          0.457     2.208    inst/mem_reg_0_7_6_7/ADDRD0
    SLICE_X112Y52        RAMD32                                       r  inst/mem_reg_0_7_6_7/RAMA/WADR0
  -------------------------------------------------------------------    -------------------

                         (clock sys_clk rise edge)    0.000     0.000 r  
    Y9                                                0.000     0.000 r  clk (IN)
                         net (fo=0)                   0.000     0.000    clk
    Y9                   IBUF (Prop_ibuf_I_O)         0.446     0.446 r  clk_IBUF_inst/O
                         net (fo=1, routed)           0.719     1.165    clk_IBUF
    BUFGCTRL_X0Y0        BUFG (Prop_bufg_I_O)         0.029     1.194 r  clk_IBUF_BUFG_inst/O
                         net (fo=76, routed)          0.911     2.105    inst/mem_reg_0_7_6_7/WCLK
    SLICE_X112Y52        RAMD32                                       r  inst/mem_reg_0_7_6_7/RAMA/CLK
                         clock pessimism             -0.247     1.858    
    SLICE_X112Y52        RAMD32 (Hold_ramd32_CLK_WADR0)
                                                      0.310     2.168    inst/mem_reg_0_7_6_7/RAMA
  -------------------------------------------------------------------
                         required time                         -2.168    
                         arrival time                           2.208    
  -------------------------------------------------------------------
                         slack                                  0.040    

Slack (MET) :             0.040ns  (arrival time - required time)
  Source:                 inst/wr_ptr_reg[0]/C
                            (rising edge-triggered cell FDRE clocked by sys_clk  {rise@0.000ns fall@5.000ns period=10.000ns})
  Destination:            inst/mem_reg_0_7_6_7/RAMA_D1/WADR0
                            (rising edge-triggered cell RAMD32 clocked by sys_clk  {rise@0.000ns fall@5.000ns period=10.000ns})
  Path Group:             sys_clk
  Path Type:              Hold (Min at Fast Process Corner)
  Requirement:            0.000ns  (sys_clk rise@0.000ns - sys_clk rise@0.000ns)
  Data Path Delay:        0.621ns  (logic 0.164ns (26.391%)  route 0.457ns (73.609%))
  Logic Levels:           0  
  Clock Path Skew:        0.271ns (DCD - SCD - CPR)
    Destination Clock Delay (DCD):    2.105ns
    Source Clock Delay      (SCD):    1.587ns
    Clock Pessimism Removal (CPR):    0.247ns

    Location             Delay type                Incr(ns)  Path(ns)    Netlist Resource(s)
  -------------------------------------------------------------------    -------------------
                         (clock sys_clk rise edge)    0.000     0.000 r  
    Y9                                                0.000     0.000 r  clk (IN)
                         net (fo=0)                   0.000     0.000    clk
    Y9                   IBUF (Prop_ibuf_I_O)         0.258     0.258 r  clk_IBUF_inst/O
                         net (fo=1, routed)           0.663     0.921    clk_IBUF
    BUFGCTRL_X0Y0        BUFG (Prop_bufg_I_O)         0.026     0.947 r  clk_IBUF_BUFG_inst/O
                         net (fo=76, routed)          0.640     1.587    inst/clk_IBUF_BUFG
    SLICE_X112Y46        FDRE                                         r  inst/wr_ptr_reg[0]/C
  -------------------------------------------------------------------    -------------------
    SLICE_X112Y46        FDRE (Prop_fdre_C_Q)         0.164     1.751 r  inst/wr_ptr_reg[0]/Q
                         net (fo=19, routed)          0.457     2.208    inst/mem_reg_0_7_6_7/ADDRD0
    SLICE_X112Y52        RAMD32                                       r  inst/mem_reg_0_7_6_7/RAMA_D1/WADR0
  -------------------------------------------------------------------    -------------------

                         (clock sys_clk rise edge)    0.000     0.000 r  
    Y9                                                0.000     0.000 r  clk (IN)
                         net (fo=0)                   0.000     0.000    clk
    Y9                   IBUF (Prop_ibuf_I_O)         0.446     0.446 r  clk_IBUF_inst/O
                         net (fo=1, routed)           0.719     1.165    clk_IBUF
    BUFGCTRL_X0Y0        BUFG (Prop_bufg_I_O)         0.029     1.194 r  clk_IBUF_BUFG_inst/O
                         net (fo=76, routed)          0.911     2.105    inst/mem_reg_0_7_6_7/WCLK
    SLICE_X112Y52        RAMD32                                       r  inst/mem_reg_0_7_6_7/RAMA_D1/CLK
                         clock pessimism             -0.247     1.858    
    SLICE_X112Y52        RAMD32 (Hold_ramd32_CLK_WADR0)
                                                      0.310     2.168    inst/mem_reg_0_7_6_7/RAMA_D1
  -------------------------------------------------------------------
                         required time                         -2.168    
                         arrival time                           2.208    
  -------------------------------------------------------------------
                         slack                                  0.040    

Slack (MET) :             0.040ns  (arrival time - required time)
  Source:                 inst/wr_ptr_reg[0]/C
                            (rising edge-triggered cell FDRE clocked by sys_clk  {rise@0.000ns fall@5.000ns period=10.000ns})
  Destination:            inst/mem_reg_0_7_6_7/RAMB/WADR0
                            (rising edge-triggered cell RAMD32 clocked by sys_clk  {rise@0.000ns fall@5.000ns period=10.000ns})
  Path Group:             sys_clk
  Path Type:              Hold (Min at Fast Process Corner)
  Requirement:            0.000ns  (sys_clk rise@0.000ns - sys_clk rise@0.000ns)
  Data Path Delay:        0.621ns  (logic 0.164ns (26.391%)  route 0.457ns (73.609%))
  Logic Levels:           0  
  Clock Path Skew:        0.271ns (DCD - SCD - CPR)
    Destination Clock Delay (DCD):    2.105ns
    Source Clock Delay      (SCD):    1.587ns
    Clock Pessimism Removal (CPR):    0.247ns

    Location             Delay type                Incr(ns)  Path(ns)    Netlist Resource(s)
  -------------------------------------------------------------------    -------------------
                         (clock sys_clk rise edge)    0.000     0.000 r  
    Y9                                                0.000     0.000 r  clk (IN)
                         net (fo=0)                   0.000     0.000    clk
    Y9                   IBUF (Prop_ibuf_I_O)         0.258     0.258 r  clk_IBUF_inst/O
                         net (fo=1, routed)           0.663     0.921    clk_IBUF
    BUFGCTRL_X0Y0        BUFG (Prop_bufg_I_O)         0.026     0.947 r  clk_IBUF_BUFG_inst/O
                         net (fo=76, routed)          0.640     1.587    inst/clk_IBUF_BUFG
    SLICE_X112Y46        FDRE                                         r  inst/wr_ptr_reg[0]/C
  -------------------------------------------------------------------    -------------------
    SLICE_X112Y46        FDRE (Prop_fdre_C_Q)         0.164     1.751 r  inst/wr_ptr_reg[0]/Q
                         net (fo=19, routed)          0.457     2.208    inst/mem_reg_0_7_6_7/ADDRD0
    SLICE_X112Y52        RAMD32                                       r  inst/mem_reg_0_7_6_7/RAMB/WADR0
  -------------------------------------------------------------------    -------------------

                         (clock sys_clk rise edge)    0.000     0.000 r  
    Y9                                                0.000     0.000 r  clk (IN)
                         net (fo=0)                   0.000     0.000    clk
    Y9                   IBUF (Prop_ibuf_I_O)         0.446     0.446 r  clk_IBUF_inst/O
                         net (fo=1, routed)           0.719     1.165    clk_IBUF
    BUFGCTRL_X0Y0        BUFG (Prop_bufg_I_O)         0.029     1.194 r  clk_IBUF_BUFG_inst/O
                         net (fo=76, routed)          0.911     2.105    inst/mem_reg_0_7_6_7/WCLK
    SLICE_X112Y52        RAMD32                                       r  inst/mem_reg_0_7_6_7/RAMB/CLK
                         clock pessimism             -0.247     1.858    
    SLICE_X112Y52        RAMD32 (Hold_ramd32_CLK_WADR0)
                                                      0.310     2.168    inst/mem_reg_0_7_6_7/RAMB
  -------------------------------------------------------------------
                         required time                         -2.168    
                         arrival time                           2.208    
  -------------------------------------------------------------------
                         slack                                  0.040    

Slack (MET) :             0.040ns  (arrival time - required time)
  Source:                 inst/wr_ptr_reg[0]/C
                            (rising edge-triggered cell FDRE clocked by sys_clk  {rise@0.000ns fall@5.000ns period=10.000ns})
  Destination:            inst/mem_reg_0_7_6_7/RAMB_D1/WADR0
                            (rising edge-triggered cell RAMD32 clocked by sys_clk  {rise@0.000ns fall@5.000ns period=10.000ns})
  Path Group:             sys_clk
  Path Type:              Hold (Min at Fast Process Corner)
  Requirement:            0.000ns  (sys_clk rise@0.000ns - sys_clk rise@0.000ns)
  Data Path Delay:        0.621ns  (logic 0.164ns (26.391%)  route 0.457ns (73.609%))
  Logic Levels:           0  
  Clock Path Skew:        0.271ns (DCD - SCD - CPR)
    Destination Clock Delay (DCD):    2.105ns
    Source Clock Delay      (SCD):    1.587ns
    Clock Pessimism Removal (CPR):    0.247ns

    Location             Delay type                Incr(ns)  Path(ns)    Netlist Resource(s)
  -------------------------------------------------------------------    -------------------
                         (clock sys_clk rise edge)    0.000     0.000 r  
    Y9                                                0.000     0.000 r  clk (IN)
                         net (fo=0)                   0.000     0.000    clk
    Y9                   IBUF (Prop_ibuf_I_O)         0.258     0.258 r  clk_IBUF_inst/O
                         net (fo=1, routed)           0.663     0.921    clk_IBUF
    BUFGCTRL_X0Y0        BUFG (Prop_bufg_I_O)         0.026     0.947 r  clk_IBUF_BUFG_inst/O
                         net (fo=76, routed)          0.640     1.587    inst/clk_IBUF_BUFG
    SLICE_X112Y46        FDRE                                         r  inst/wr_ptr_reg[0]/C
  -------------------------------------------------------------------    -------------------
    SLICE_X112Y46        FDRE (Prop_fdre_C_Q)         0.164     1.751 r  inst/wr_ptr_reg[0]/Q
                         net (fo=19, routed)          0.457     2.208    inst/mem_reg_0_7_6_7/ADDRD0
    SLICE_X112Y52        RAMD32                                       r  inst/mem_reg_0_7_6_7/RAMB_D1/WADR0
  -------------------------------------------------------------------    -------------------

                         (clock sys_clk rise edge)    0.000     0.000 r  
    Y9                                                0.000     0.000 r  clk (IN)
                         net (fo=0)                   0.000     0.000    clk
    Y9                   IBUF (Prop_ibuf_I_O)         0.446     0.446 r  clk_IBUF_inst/O
                         net (fo=1, routed)           0.719     1.165    clk_IBUF
    BUFGCTRL_X0Y0        BUFG (Prop_bufg_I_O)         0.029     1.194 r  clk_IBUF_BUFG_inst/O
                         net (fo=76, routed)          0.911     2.105    inst/mem_reg_0_7_6_7/WCLK
    SLICE_X112Y52        RAMD32                                       r  inst/mem_reg_0_7_6_7/RAMB_D1/CLK
                         clock pessimism             -0.247     1.858    
    SLICE_X112Y52        RAMD32 (Hold_ramd32_CLK_WADR0)
                                                      0.310     2.168    inst/mem_reg_0_7_6_7/RAMB_D1
  -------------------------------------------------------------------
                         required time                         -2.168    
                         arrival time                           2.208    
  -------------------------------------------------------------------
                         slack                                  0.040    

Slack (MET) :             0.040ns  (arrival time - required time)
  Source:                 inst/wr_ptr_reg[0]/C
                            (rising edge-triggered cell FDRE clocked by sys_clk  {rise@0.000ns fall@5.000ns period=10.000ns})
  Destination:            inst/mem_reg_0_7_6_7/RAMC/WADR0
                            (rising edge-triggered cell RAMD32 clocked by sys_clk  {rise@0.000ns fall@5.000ns period=10.000ns})
  Path Group:             sys_clk
  Path Type:              Hold (Min at Fast Process Corner)
  Requirement:            0.000ns  (sys_clk rise@0.000ns - sys_clk rise@0.000ns)
  Data Path Delay:        0.621ns  (logic 0.164ns (26.391%)  route 0.457ns (73.609%))
  Logic Levels:           0  
  Clock Path Skew:        0.271ns (DCD - SCD - CPR)
    Destination Clock Delay (DCD):    2.105ns
    Source Clock Delay      (SCD):    1.587ns
    Clock Pessimism Removal (CPR):    0.247ns

    Location             Delay type                Incr(ns)  Path(ns)    Netlist Resource(s)
  -------------------------------------------------------------------    -------------------
                         (clock sys_clk rise edge)    0.000     0.000 r  
    Y9                                                0.000     0.000 r  clk (IN)
                         net (fo=0)                   0.000     0.000    clk
    Y9                   IBUF (Prop_ibuf_I_O)         0.258     0.258 r  clk_IBUF_inst/O
                         net (fo=1, routed)           0.663     0.921    clk_IBUF
    BUFGCTRL_X0Y0        BUFG (Prop_bufg_I_O)         0.026     0.947 r  clk_IBUF_BUFG_inst/O
                         net (fo=76, routed)          0.640     1.587    inst/clk_IBUF_BUFG
    SLICE_X112Y46        FDRE                                         r  inst/wr_ptr_reg[0]/C
  -------------------------------------------------------------------    -------------------
    SLICE_X112Y46        FDRE (Prop_fdre_C_Q)         0.164     1.751 r  inst/wr_ptr_reg[0]/Q
                         net (fo=19, routed)          0.457     2.208    inst/mem_reg_0_7_6_7/ADDRD0
    SLICE_X112Y52        RAMD32                                       r  inst/mem_reg_0_7_6_7/RAMC/WADR0
  -------------------------------------------------------------------    -------------------

                         (clock sys_clk rise edge)    0.000     0.000 r  
    Y9                                                0.000     0.000 r  clk (IN)
                         net (fo=0)                   0.000     0.000    clk
    Y9                   IBUF (Prop_ibuf_I_O)         0.446     0.446 r  clk_IBUF_inst/O
                         net (fo=1, routed)           0.719     1.165    clk_IBUF
    BUFGCTRL_X0Y0        BUFG (Prop_bufg_I_O)         0.029     1.194 r  clk_IBUF_BUFG_inst/O
                         net (fo=76, routed)          0.911     2.105    inst/mem_reg_0_7_6_7/WCLK
    SLICE_X112Y52        RAMD32                                       r  inst/mem_reg_0_7_6_7/RAMC/CLK
                         clock pessimism             -0.247     1.858    
    SLICE_X112Y52        RAMD32 (Hold_ramd32_CLK_WADR0)
                                                      0.310     2.168    inst/mem_reg_0_7_6_7/RAMC
  -------------------------------------------------------------------
                         required time                         -2.168    
                         arrival time                           2.208    
  -------------------------------------------------------------------
                         slack                                  0.040    

Slack (MET) :             0.040ns  (arrival time - required time)
  Source:                 inst/wr_ptr_reg[0]/C
                            (rising edge-triggered cell FDRE clocked by sys_clk  {rise@0.000ns fall@5.000ns period=10.000ns})
  Destination:            inst/mem_reg_0_7_6_7/RAMC_D1/WADR0
                            (rising edge-triggered cell RAMD32 clocked by sys_clk  {rise@0.000ns fall@5.000ns period=10.000ns})
  Path Group:             sys_clk
  Path Type:              Hold (Min at Fast Process Corner)
  Requirement:            0.000ns  (sys_clk rise@0.000ns - sys_clk rise@0.000ns)
  Data Path Delay:        0.621ns  (logic 0.164ns (26.391%)  route 0.457ns (73.609%))
  Logic Levels:           0  
  Clock Path Skew:        0.271ns (DCD - SCD - CPR)
    Destination Clock Delay (DCD):    2.105ns
    Source Clock Delay      (SCD):    1.587ns
    Clock Pessimism Removal (CPR):    0.247ns

    Location             Delay type                Incr(ns)  Path(ns)    Netlist Resource(s)
  -------------------------------------------------------------------    -------------------
                         (clock sys_clk rise edge)    0.000     0.000 r  
    Y9                                                0.000     0.000 r  clk (IN)
                         net (fo=0)                   0.000     0.000    clk
    Y9                   IBUF (Prop_ibuf_I_O)         0.258     0.258 r  clk_IBUF_inst/O
                         net (fo=1, routed)           0.663     0.921    clk_IBUF
    BUFGCTRL_X0Y0        BUFG (Prop_bufg_I_O)         0.026     0.947 r  clk_IBUF_BUFG_inst/O
                         net (fo=76, routed)          0.640     1.587    inst/clk_IBUF_BUFG
    SLICE_X112Y46        FDRE                                         r  inst/wr_ptr_reg[0]/C
  -------------------------------------------------------------------    -------------------
    SLICE_X112Y46        FDRE (Prop_fdre_C_Q)         0.164     1.751 r  inst/wr_ptr_reg[0]/Q
                         net (fo=19, routed)          0.457     2.208    inst/mem_reg_0_7_6_7/ADDRD0
    SLICE_X112Y52        RAMD32                                       r  inst/mem_reg_0_7_6_7/RAMC_D1/WADR0
  -------------------------------------------------------------------    -------------------

                         (clock sys_clk rise edge)    0.000     0.000 r  
    Y9                                                0.000     0.000 r  clk (IN)
                         net (fo=0)                   0.000     0.000    clk
    Y9                   IBUF (Prop_ibuf_I_O)         0.446     0.446 r  clk_IBUF_inst/O
                         net (fo=1, routed)           0.719     1.165    clk_IBUF
    BUFGCTRL_X0Y0        BUFG (Prop_bufg_I_O)         0.029     1.194 r  clk_IBUF_BUFG_inst/O
                         net (fo=76, routed)          0.911     2.105    inst/mem_reg_0_7_6_7/WCLK
    SLICE_X112Y52        RAMD32                                       r  inst/mem_reg_0_7_6_7/RAMC_D1/CLK
                         clock pessimism             -0.247     1.858    
    SLICE_X112Y52        RAMD32 (Hold_ramd32_CLK_WADR0)
                                                      0.310     2.168    inst/mem_reg_0_7_6_7/RAMC_D1
  -------------------------------------------------------------------
                         required time                         -2.168    
                         arrival time                           2.208    
  -------------------------------------------------------------------
                         slack                                  0.040    

Slack (MET) :             0.040ns  (arrival time - required time)
  Source:                 inst/wr_ptr_reg[0]/C
                            (rising edge-triggered cell FDRE clocked by sys_clk  {rise@0.000ns fall@5.000ns period=10.000ns})
  Destination:            inst/mem_reg_0_7_6_7/RAMD/ADR0
                            (rising edge-triggered cell RAMS32 clocked by sys_clk  {rise@0.000ns fall@5.000ns period=10.000ns})
  Path Group:             sys_clk
  Path Type:              Hold (Min at Fast Process Corner)
  Requirement:            0.000ns  (sys_clk rise@0.000ns - sys_clk rise@0.000ns)
  Data Path Delay:        0.621ns  (logic 0.164ns (26.391%)  route 0.457ns (73.609%))
  Logic Levels:           0  
  Clock Path Skew:        0.271ns (DCD - SCD - CPR)
    Destination Clock Delay (DCD):    2.105ns
    Source Clock Delay      (SCD):    1.587ns
    Clock Pessimism Removal (CPR):    0.247ns

    Location             Delay type                Incr(ns)  Path(ns)    Netlist Resource(s)
  -------------------------------------------------------------------    -------------------
                         (clock sys_clk rise edge)    0.000     0.000 r  
    Y9                                                0.000     0.000 r  clk (IN)
                         net (fo=0)                   0.000     0.000    clk
    Y9                   IBUF (Prop_ibuf_I_O)         0.258     0.258 r  clk_IBUF_inst/O
                         net (fo=1, routed)           0.663     0.921    clk_IBUF
    BUFGCTRL_X0Y0        BUFG (Prop_bufg_I_O)         0.026     0.947 r  clk_IBUF_BUFG_inst/O
                         net (fo=76, routed)          0.640     1.587    inst/clk_IBUF_BUFG
    SLICE_X112Y46        FDRE                                         r  inst/wr_ptr_reg[0]/C
  -------------------------------------------------------------------    -------------------
    SLICE_X112Y46        FDRE (Prop_fdre_C_Q)         0.164     1.751 r  inst/wr_ptr_reg[0]/Q
                         net (fo=19, routed)          0.457     2.208    inst/mem_reg_0_7_6_7/ADDRD0
    SLICE_X112Y52        RAMS32                                       r  inst/mem_reg_0_7_6_7/RAMD/ADR0
  -------------------------------------------------------------------    -------------------

                         (clock sys_clk rise edge)    0.000     0.000 r  
    Y9                                                0.000     0.000 r  clk (IN)
                         net (fo=0)                   0.000     0.000    clk
    Y9                   IBUF (Prop_ibuf_I_O)         0.446     0.446 r  clk_IBUF_inst/O
                         net (fo=1, routed)           0.719     1.165    clk_IBUF
    BUFGCTRL_X0Y0        BUFG (Prop_bufg_I_O)         0.029     1.194 r  clk_IBUF_BUFG_inst/O
                         net (fo=76, routed)          0.911     2.105    inst/mem_reg_0_7_6_7/WCLK
    SLICE_X112Y52        RAMS32                                       r  inst/mem_reg_0_7_6_7/RAMD/CLK
                         clock pessimism             -0.247     1.858    
    SLICE_X112Y52        RAMS32 (Hold_rams32_CLK_ADR0)
                                                      0.310     2.168    inst/mem_reg_0_7_6_7/RAMD
  -------------------------------------------------------------------
                         required time                         -2.168    
                         arrival time                           2.208    
  -------------------------------------------------------------------
                         slack                                  0.040    

Slack (MET) :             0.040ns  (arrival time - required time)
  Source:                 inst/wr_ptr_reg[0]/C
                            (rising edge-triggered cell FDRE clocked by sys_clk  {rise@0.000ns fall@5.000ns period=10.000ns})
  Destination:            inst/mem_reg_0_7_6_7/RAMD_D1/ADR0
                            (rising edge-triggered cell RAMS32 clocked by sys_clk  {rise@0.000ns fall@5.000ns period=10.000ns})
  Path Group:             sys_clk
  Path Type:              Hold (Min at Fast Process Corner)
  Requirement:            0.000ns  (sys_clk rise@0.000ns - sys_clk rise@0.000ns)
  Data Path Delay:        0.621ns  (logic 0.164ns (26.391%)  route 0.457ns (73.609%))
  Logic Levels:           0  
  Clock Path Skew:        0.271ns (DCD - SCD - CPR)
    Destination Clock Delay (DCD):    2.105ns
    Source Clock Delay      (SCD):    1.587ns
    Clock Pessimism Removal (CPR):    0.247ns

    Location             Delay type                Incr(ns)  Path(ns)    Netlist Resource(s)
  -------------------------------------------------------------------    -------------------
                         (clock sys_clk rise edge)    0.000     0.000 r  
    Y9                                                0.000     0.000 r  clk (IN)
                         net (fo=0)                   0.000     0.000    clk
    Y9                   IBUF (Prop_ibuf_I_O)         0.258     0.258 r  clk_IBUF_inst/O
                         net (fo=1, routed)           0.663     0.921    clk_IBUF
    BUFGCTRL_X0Y0        BUFG (Prop_bufg_I_O)         0.026     0.947 r  clk_IBUF_BUFG_inst/O
                         net (fo=76, routed)          0.640     1.587    inst/clk_IBUF_BUFG
    SLICE_X112Y46        FDRE                                         r  inst/wr_ptr_reg[0]/C
  -------------------------------------------------------------------    -------------------
    SLICE_X112Y46        FDRE (Prop_fdre_C_Q)         0.164     1.751 r  inst/wr_ptr_reg[0]/Q
                         net (fo=19, routed)          0.457     2.208    inst/mem_reg_0_7_6_7/ADDRD0
    SLICE_X112Y52        RAMS32                                       r  inst/mem_reg_0_7_6_7/RAMD_D1/ADR0
  -------------------------------------------------------------------    -------------------

                         (clock sys_clk rise edge)    0.000     0.000 r  
    Y9                                                0.000     0.000 r  clk (IN)
                         net (fo=0)                   0.000     0.000    clk
    Y9                   IBUF (Prop_ibuf_I_O)         0.446     0.446 r  clk_IBUF_inst/O
                         net (fo=1, routed)           0.719     1.165    clk_IBUF
    BUFGCTRL_X0Y0        BUFG (Prop_bufg_I_O)         0.029     1.194 r  clk_IBUF_BUFG_inst/O
                         net (fo=76, routed)          0.911     2.105    inst/mem_reg_0_7_6_7/WCLK
    SLICE_X112Y52        RAMS32                                       r  inst/mem_reg_0_7_6_7/RAMD_D1/CLK
                         clock pessimism             -0.247     1.858    
    SLICE_X112Y52        RAMS32 (Hold_rams32_CLK_ADR0)
                                                      0.310     2.168    inst/mem_reg_0_7_6_7/RAMD_D1
  -------------------------------------------------------------------
                         required time                         -2.168    
                         arrival time                           2.208    
  -------------------------------------------------------------------
                         slack                                  0.040    

Slack (MET) :             0.052ns  (arrival time - required time)
  Source:                 inst/data_out_reg[6]/C
                            (rising edge-triggered cell FDRE clocked by sys_clk  {rise@0.000ns fall@5.000ns period=10.000ns})
  Destination:            insttt/uart_din_reg[6]/D
                            (rising edge-triggered cell FDRE clocked by sys_clk  {rise@0.000ns fall@5.000ns period=10.000ns})
  Path Group:             sys_clk
  Path Type:              Hold (Min at Fast Process Corner)
  Requirement:            0.000ns  (sys_clk rise@0.000ns - sys_clk rise@0.000ns)
  Data Path Delay:        0.348ns  (logic 0.148ns (42.482%)  route 0.200ns (57.518%))
  Logic Levels:           0  
  Clock Path Skew:        0.273ns (DCD - SCD - CPR)
    Destination Clock Delay (DCD):    2.106ns
    Source Clock Delay      (SCD):    1.586ns
    Clock Pessimism Removal (CPR):    0.247ns

    Location             Delay type                Incr(ns)  Path(ns)    Netlist Resource(s)
  -------------------------------------------------------------------    -------------------
                         (clock sys_clk rise edge)    0.000     0.000 r  
    Y9                                                0.000     0.000 r  clk (IN)
                         net (fo=0)                   0.000     0.000    clk
    Y9                   IBUF (Prop_ibuf_I_O)         0.258     0.258 r  clk_IBUF_inst/O
                         net (fo=1, routed)           0.663     0.921    clk_IBUF
    BUFGCTRL_X0Y0        BUFG (Prop_bufg_I_O)         0.026     0.947 r  clk_IBUF_BUFG_inst/O
                         net (fo=76, routed)          0.639     1.586    inst/clk_IBUF_BUFG
    SLICE_X112Y52        FDRE                                         r  inst/data_out_reg[6]/C
  -------------------------------------------------------------------    -------------------
    SLICE_X112Y52        FDRE (Prop_fdre_C_Q)         0.148     1.734 r  inst/data_out_reg[6]/Q
                         net (fo=1, routed)           0.200     1.934    insttt/uart_din_reg[7]_1[6]
    SLICE_X111Y47        FDRE                                         r  insttt/uart_din_reg[6]/D
  -------------------------------------------------------------------    -------------------

                         (clock sys_clk rise edge)    0.000     0.000 r  
    Y9                                                0.000     0.000 r  clk (IN)
                         net (fo=0)                   0.000     0.000    clk
    Y9                   IBUF (Prop_ibuf_I_O)         0.446     0.446 r  clk_IBUF_inst/O
                         net (fo=1, routed)           0.719     1.165    clk_IBUF
    BUFGCTRL_X0Y0        BUFG (Prop_bufg_I_O)         0.029     1.194 r  clk_IBUF_BUFG_inst/O
                         net (fo=76, routed)          0.912     2.106    insttt/clk_IBUF_BUFG
    SLICE_X111Y47        FDRE                                         r  insttt/uart_din_reg[6]/C
                         clock pessimism             -0.247     1.859    
    SLICE_X111Y47        FDRE (Hold_fdre_C_D)         0.023     1.882    insttt/uart_din_reg[6]
  -------------------------------------------------------------------
                         required time                         -1.882    
                         arrival time                           1.934    
  -------------------------------------------------------------------
                         slack                                  0.052    





Pulse Width Checks
--------------------------------------------------------------------------------------
Clock Name:         sys_clk
Waveform(ns):       { 0.000 5.000 }
Period(ns):         10.000
Sources:            { clk }

Check Type        Corner  Lib Pin     Reference Pin  Required(ns)  Actual(ns)  Slack(ns)  Location       Pin
Min Period        n/a     BUFG/I      n/a            2.155         10.000      7.845      BUFGCTRL_X0Y0  clk_IBUF_BUFG_inst/I
Min Period        n/a     FDRE/C      n/a            1.000         10.000      9.000      SLICE_X111Y46  inst/count_reg[0]/C
Min Period        n/a     FDRE/C      n/a            1.000         10.000      9.000      SLICE_X111Y46  inst/count_reg[1]/C
Min Period        n/a     FDRE/C      n/a            1.000         10.000      9.000      SLICE_X111Y46  inst/count_reg[2]/C
Min Period        n/a     FDRE/C      n/a            1.000         10.000      9.000      SLICE_X111Y46  inst/count_reg[3]/C
Min Period        n/a     FDRE/C      n/a            1.000         10.000      9.000      SLICE_X112Y53  inst/data_out_reg[0]/C
Min Period        n/a     FDRE/C      n/a            1.000         10.000      9.000      SLICE_X112Y53  inst/data_out_reg[1]/C
Min Period        n/a     FDRE/C      n/a            1.000         10.000      9.000      SLICE_X112Y53  inst/data_out_reg[2]/C
Min Period        n/a     FDRE/C      n/a            1.000         10.000      9.000      SLICE_X112Y53  inst/data_out_reg[3]/C
Min Period        n/a     FDRE/C      n/a            1.000         10.000      9.000      SLICE_X112Y53  inst/data_out_reg[4]/C
Low Pulse Width   Slow    RAMD32/CLK  n/a            1.250         5.000       3.750      SLICE_X112Y52  inst/mem_reg_0_7_6_7/RAMA/CLK
Low Pulse Width   Slow    RAMD32/CLK  n/a            1.250         5.000       3.750      SLICE_X112Y52  inst/mem_reg_0_7_6_7/RAMA_D1/CLK
Low Pulse Width   Slow    RAMD32/CLK  n/a            1.250         5.000       3.750      SLICE_X112Y52  inst/mem_reg_0_7_6_7/RAMB/CLK
Low Pulse Width   Slow    RAMD32/CLK  n/a            1.250         5.000       3.750      SLICE_X112Y52  inst/mem_reg_0_7_6_7/RAMB_D1/CLK
Low Pulse Width   Slow    RAMD32/CLK  n/a            1.250         5.000       3.750      SLICE_X112Y52  inst/mem_reg_0_7_6_7/RAMC/CLK
Low Pulse Width   Slow    RAMD32/CLK  n/a            1.250         5.000       3.750      SLICE_X112Y52  inst/mem_reg_0_7_6_7/RAMC_D1/CLK
Low Pulse Width   Slow    RAMS32/CLK  n/a            1.250         5.000       3.750      SLICE_X112Y52  inst/mem_reg_0_7_6_7/RAMD/CLK
Low Pulse Width   Slow    RAMS32/CLK  n/a            1.250         5.000       3.750      SLICE_X112Y52  inst/mem_reg_0_7_6_7/RAMD_D1/CLK
Low Pulse Width   Slow    RAMD32/CLK  n/a            1.250         5.000       3.750      SLICE_X112Y53  inst/mem_reg_0_7_0_5/RAMA/CLK
Low Pulse Width   Fast    RAMD32/CLK  n/a            1.250         5.000       3.750      SLICE_X112Y53  inst/mem_reg_0_7_0_5/RAMA/CLK
High Pulse Width  Fast    RAMD32/CLK  n/a            1.250         5.000       3.750      SLICE_X112Y53  inst/mem_reg_0_7_0_5/RAMA/CLK
High Pulse Width  Fast    RAMD32/CLK  n/a            1.250         5.000       3.750      SLICE_X112Y53  inst/mem_reg_0_7_0_5/RAMA_D1/CLK
High Pulse Width  Fast    RAMD32/CLK  n/a            1.250         5.000       3.750      SLICE_X112Y53  inst/mem_reg_0_7_0_5/RAMB/CLK
High Pulse Width  Fast    RAMD32/CLK  n/a            1.250         5.000       3.750      SLICE_X112Y53  inst/mem_reg_0_7_0_5/RAMB_D1/CLK
High Pulse Width  Fast    RAMD32/CLK  n/a            1.250         5.000       3.750      SLICE_X112Y53  inst/mem_reg_0_7_0_5/RAMC/CLK
High Pulse Width  Fast    RAMD32/CLK  n/a            1.250         5.000       3.750      SLICE_X112Y53  inst/mem_reg_0_7_0_5/RAMC_D1/CLK
High Pulse Width  Fast    RAMS32/CLK  n/a            1.250         5.000       3.750      SLICE_X112Y53  inst/mem_reg_0_7_0_5/RAMD/CLK
High Pulse Width  Fast    RAMS32/CLK  n/a            1.250         5.000       3.750      SLICE_X112Y53  inst/mem_reg_0_7_0_5/RAMD_D1/CLK
High Pulse Width  Fast    RAMD32/CLK  n/a            1.250         5.000       3.750      SLICE_X112Y52  inst/mem_reg_0_7_6_7/RAMA/CLK
High Pulse Width  Fast    RAMD32/CLK  n/a            1.250         5.000       3.750      SLICE_X112Y52  inst/mem_reg_0_7_6_7/RAMA_D1/CLK



